<?xml version="1.0" encoding="UTF-8"?>
<testsuites name="jest tests" tests="18" failures="0" time="5.691">
  <testsuite name="getMappedData" errors="0" failures="0" skipped="0" timestamp="2019-08-14T14:58:58" time="2.303" tests="5">
    <testcase classname="getMappedData returns mapped data for each launch" name="getMappedData returns mapped data for each launch" time="0.013">
    </testcase>
    <testcase classname="getRedditDetails return TRUE boolean value for existing reddit links" name="getRedditDetails return TRUE boolean value for existing reddit links" time="0.001">
    </testcase>
    <testcase classname="getRedditDetails returns FALSE boolean value for non-existent reddit links" name="getRedditDetails returns FALSE boolean value for non-existent reddit links" time="0">
    </testcase>
    <testcase classname="getReused returns TRUE boolean value for reused items" name="getReused returns TRUE boolean value for reused items" time="0">
    </testcase>
    <testcase classname="getReused returns FALSE boolean value for reused items" name="getReused returns FALSE boolean value for reused items" time="0.001">
    </testcase>
  </testsuite>
  <testsuite name="launchData" errors="0" failures="0" skipped="0" timestamp="2019-08-14T14:58:58" time="2.53" tests="4">
    <testcase classname="launchData returns state from GET_LAUNCH_DATA_REQUEST" name="launchData returns state from GET_LAUNCH_DATA_REQUEST" time="0.006">
    </testcase>
    <testcase classname="launchData returns state from GET_LAUNCH_DATA_SUCCESS" name="launchData returns state from GET_LAUNCH_DATA_SUCCESS" time="0.006">
    </testcase>
    <testcase classname="launchData returns state from GET_LAUNCH_DATA_FAILURE" name="launchData returns state from GET_LAUNCH_DATA_FAILURE" time="0.001">
    </testcase>
    <testcase classname="launchData returns default state" name="launchData returns default state" time="0">
    </testcase>
  </testsuite>
  <testsuite name="getLaunchData" errors="0" failures="0" skipped="0" timestamp="2019-08-14T14:58:58" time="2.919" tests="4">
    <testcase classname="getLaunchData resolves" name="getLaunchData resolves" time="0.008">
    </testcase>
    <testcase classname="getLaunchData it throws an error" name="getLaunchData it throws an error" time="0.001">
    </testcase>
    <testcase classname="watchGetLaunchData takes latest GET_LAUNCH_DATA_REQUEST" name="watchGetLaunchData takes latest GET_LAUNCH_DATA_REQUEST" time="0.001">
    </testcase>
    <testcase classname="root forks all watch functions" name="root forks all watch functions" time="0.001">
    </testcase>
  </testsuite>
  <testsuite name="getLaunchData" errors="0" failures="0" skipped="0" timestamp="2019-08-14T14:59:00" time="0.812" tests="2">
    <testcase classname="getLaunchData resolves" name="getLaunchData resolves" time="0.006">
    </testcase>
    <testcase classname="getLaunchData returns error" name="getLaunchData returns error" time="0.002">
    </testcase>
  </testsuite>
  <testsuite name="storeConfig" errors="0" failures="0" skipped="0" timestamp="2019-08-14T14:59:00" time="1.069" tests="2">
    <testcase classname="storeConfig env" name="storeConfig env" time="0.006">
    </testcase>
    <testcase classname="storeConfig calls store.dispatch with END" name="storeConfig calls store.dispatch with END" time="0.002">
    </testcase>
  </testsuite>
  <testsuite name="getLaunchData" errors="0" failures="0" skipped="0" timestamp="2019-08-14T14:59:01" time="0.471" tests="1">
    <testcase classname="getLaunchData returns GET_LAUNCH_DATA_REQUEST" name="getLaunchData returns GET_LAUNCH_DATA_REQUEST" time="0.008">
    </testcase>
  </testsuite>
</testsuites>